// Jest Snapshot v1, https://goo.gl/fbAQLP

exports[`<Header /> should render correctly with props 1`] = `
<div>
  <ForwardRef>
    Header
  </ForwardRef>
  <div>
    EARTH HOUSE
  </div>
  <div>
    Romantic Cabana
  </div>
  <div>
    Mandalay, Myanmar
  </div>
  <img
    src="https://s3-us-west-1.amazonaws.com/betterbnb-description/person1.jpeg"
  />
  <div>
    Michaelangelo
  </div>
  <CapacityBar
    bathrooms={15}
    beds={
      Object {
        "bedrooms": Array [
          Array [
            "floor mattress",
            "king",
            "twin",
            "double",
          ],
          "queen",
        ],
        "commonSpace": Array [
          "king",
          "couch",
          "queen",
          "floor mattress",
        ],
      }
    }
    guests={9}
  />
</div>
`;
