// Jest Snapshot v1, https://goo.gl/fbAQLP

exports[`<Amenities /> should render correctly with props 1`] = `
<Amenities__StyledAmenities>
  <div
    style={
      Object {
        "fontSize": "16px",
        "fontWeight": "500",
        "marginBottom": "15px",
      }
    }
  >
    Amenities
  </div>
  <Amenities__AmenitiesContainer>
    <Amenities__AmenityContainer
      key="0"
    >
      <Amenities__AmenityIcon
        src="https://s3-us-west-1.amazonaws.com/betterbnb-description/wifi.png"
      />
      <span>
        Wifi
      </span>
    </Amenities__AmenityContainer>
    <Amenities__AmenityContainer
      key="1"
    >
      <Amenities__AmenityIcon
        src="https://s3-us-west-1.amazonaws.com/betterbnb-description/fireplace.png"
      />
      <span>
        Fireplace
      </span>
    </Amenities__AmenityContainer>
    <Amenities__AmenityContainer
      key="2"
    >
      <Amenities__AmenityIcon
        src="https://s3-us-west-1.amazonaws.com/betterbnb-description/TV.png"
      />
      <span>
        TV
      </span>
    </Amenities__AmenityContainer>
    <Amenities__AmenityContainer
      key="3"
    >
      <Amenities__AmenityIcon
        src="https://s3-us-west-1.amazonaws.com/betterbnb-description/essentials.png"
      />
      <span>
        Essentials (towels, bedsheets, soap, toilet paper, pillows)
      </span>
    </Amenities__AmenityContainer>
    <Amenities__AmenityContainer
      key="4"
    >
      <Amenities__AmenityIcon
        src="https://s3-us-west-1.amazonaws.com/betterbnb-description/shampoo.png"
      />
      <span>
        Shampoo
      </span>
    </Amenities__AmenityContainer>
    <Amenities__AmenityContainer
      key="5"
    >
      <Amenities__AmenityIcon
        src="https://s3-us-west-1.amazonaws.com/betterbnb-description/parking.png"
      />
      <span>
        Parking
      </span>
    </Amenities__AmenityContainer>
  </Amenities__AmenitiesContainer>
  <Amenities__ExpansionLink
    onClick={[Function]}
  >
    Show all 
    20
     amenities
  </Amenities__ExpansionLink>
  <AmenityModal
    amenities={
      Object {
        "basics": Array [
          "smoking allowed",
          "wifi",
          "air conditioning",
          "fireplace",
          "TV",
          "essentials (towels, bedsheets, soap, toilet paper, pillows)",
          "shampoo",
          "parking",
          "iron",
          "pets allowed",
          "heating",
          "desk/workspace",
        ],
        "dining": Array [
          "grill",
          "breakfast",
          "coffee/tea",
          "pizza oven",
        ],
        "facilities": Array [
          "washer",
          "pool",
          "gym",
        ],
        "safety": "safety card",
      }
    }
    onClose={[Function]}
    show={false}
  />
</Amenities__StyledAmenities>
`;
