// Jest Snapshot v1, https://goo.gl/fbAQLP

exports[`<App /> should render correctly with no props 1`] = `
<App__ModuleContainer
  id="home"
>
  <Header
    amenities={
      Object {
        "basics": Array [
          "air conditioning",
          "fireplace",
          "desk/workspace",
          "pets allowed",
          "essentials (towels, bedsheets, soap, toilet paper, pillows)",
          "shampoo",
          "iron",
        ],
        "dining": Array [
          "grill",
        ],
        "facilities": Array [
          "gym",
        ],
        "safety": Array [
          "smoke detector",
        ],
      }
    }
    bathrooms={14}
    beds={
      Object {
        "bedrooms": Array [
          Array [
            "twin",
            "queen",
            "king",
          ],
          Array [
            "twin",
            "king",
            "futon",
          ],
        ],
        "commonSpace": Array [
          "couch",
          "queen",
          "futon",
          "floor mattress",
          "twin",
        ],
      }
    }
    description={
      Object {
        "general": "Non irure voluptate eiusmod aliquip irure ea consequat magna eu. Officia nulla ea cupidatat quis velit laboris nisi nostrud aute non sit reprehenderit labore est. Ullamco et occaecat tempor laborum do. Eu ad mollit. Nisi officia adipisicing duis reprehenderit irure tempor ea ut commodo ad laboris. Exercitation aliquip aliqua.

Mollit aute duis laborum qui enim et elit qui enim nostrud eiusmod id velit. Quis aliquip exercitation aliquip labore sint. Elit eu pariatur proident laboris laboris sit est do minim. Ipsum anim quis reprehenderit aliqua irure. Excepteur velit minim officia consequat duis exercitation irure ut et officia. Nostrud anim aliquip irure voluptate reprehenderit ea amet nisi velit voluptate.

Reprehenderit nulla qui laboris pariatur. Dolor velit excepteur nulla cillum exercitation non labore Lorem pariatur ipsum dolor laboris. Ipsum in pariatur elit. Duis mollit ullamco veniam. Officia dolore non. Anim elit pariatur laboris fugiat velit cupidatat velit voluptate duis aliqua minim.",
        "guestAccess": "Minim enim dolore veniam elit. Exercitation ipsum officia aute ea do do et amet duis occaecat laborum. Sint reprehenderit consectetur ullamco laborum enim voluptate magna.",
        "interactionWithGuests": "Dolor excepteur qui excepteur et aute officia reprehenderit ipsum tempor non incididunt anim eu. Ad minim occaecat ut Lorem fugiat dolore deserunt velit sit occaecat aliqua Lorem dolor. Aute officia ex do ea elit anim nostrud aute culpa qui. Deserunt sit nisi adipisicing et duis ea aliquip cupidatat quis officia aliquip pariatur laborum. Dolor amet eiusmod fugiat esse laborum magna. Pariatur aliqua minim.

Aute aliquip tempor. Eiusmod esse commodo ex id sint dolor aliquip dolore ullamco sit sint sunt aliqua fugiat. Aliqua ut commodo quis aute ea minim id aliqua do et reprehenderit fugiat esse. Nostrud ad deserunt minim. Non proident labore tempor veniam minim. Ullamco mollit ullamco excepteur.",
        "otherThings": "Minim adipisicing nostrud Lorem laboris elit. Mollit elit amet dolor laborum labore. Eiusmod est Lorem cupidatat id veniam officia consectetur amet excepteur tempor exercitation officia. Esse adipisicing duis esse incididunt veniam aliqua sit excepteur consectetur sit qui. Consequat pariatur non nostrud aliqua reprehenderit. Aliquip pariatur fugiat sit.

Anim consequat consectetur esse. Irure elit officia exercitation cupidatat magna pariatur amet consectetur magna nostrud proident occaecat tempor esse. Nulla culpa ea est sunt aliqua pariatur non non amet officia ad pariatur quis.",
        "theSpace": "Eu sunt eu commodo tempor do esse ut consequat labore dolor adipisicing. Anim ipsum veniam laboris tempor sint amet adipisicing fugiat sit deserunt dolor. Voluptate magna ut ea laboris duis aliquip sit laboris laboris consectetur enim.

Nisi officia aliqua occaecat Lorem. Proident id nostrud non sint. Cupidatat esse ex consequat adipisicing culpa.

Pariatur aliqua cupidatat cupidatat ad non. Cillum velit qui velit ad veniam consectetur. Laboris aute Lorem amet et consectetur proident do magna eiusmod tempor commodo consequat. Velit dolor et pariatur do ipsum. Magna magna occaecat veniam id et ullamco dolore dolor ut nulla eiusmod labore dolor magna. Et quis velit et consectetur. Irure aliquip et anim commodo fugiat deserunt aliquip ex exercitation ex reprehenderit dolore sunt pariatur.",
      }
    }
    guests={15}
    highlights={
      Array [
        Object {
          "description": "94% of recent guests gave this home’s value a 5-star rating.",
          "helpful": 0,
          "notHelpful": 0,
          "title": "Great value",
        },
        Object {
          "description": "This is one of few homes in this area that has this feature.",
          "helpful": 0,
          "notHelpful": 0,
          "title": "Hot tub",
        },
        Object {
          "description": "17 recent guests have said that this home was sparkling clean.",
          "helpful": 0,
          "notHelpful": 0,
          "title": "Sparkling clean",
        },
      ]
    }
    homeId={100}
    location="Cordoba, Argentina"
    miniAd={
      Object {
        "description": "It’s been viewed 500+ times in the past week.",
        "title": "This home is on people’s minds.",
      }
    }
    name="Quaint home by the Sea"
    owner={
      Object {
        "badge": false,
        "contact": "tom@gmail.com",
        "image": "https://s3-us-west-1.amazonaws.com/betterbnb-description/person4.jpeg",
        "name": "Michaelangelo",
      }
    }
    propertyType="earth house"
  />
  <PromoBar
    amenities={
      Object {
        "basics": Array [
          "air conditioning",
          "fireplace",
          "desk/workspace",
          "pets allowed",
          "essentials (towels, bedsheets, soap, toilet paper, pillows)",
          "shampoo",
          "iron",
        ],
        "dining": Array [
          "grill",
        ],
        "facilities": Array [
          "gym",
        ],
        "safety": Array [
          "smoke detector",
        ],
      }
    }
    bathrooms={14}
    beds={
      Object {
        "bedrooms": Array [
          Array [
            "twin",
            "queen",
            "king",
          ],
          Array [
            "twin",
            "king",
            "futon",
          ],
        ],
        "commonSpace": Array [
          "couch",
          "queen",
          "futon",
          "floor mattress",
          "twin",
        ],
      }
    }
    description={
      Object {
        "general": "Non irure voluptate eiusmod aliquip irure ea consequat magna eu. Officia nulla ea cupidatat quis velit laboris nisi nostrud aute non sit reprehenderit labore est. Ullamco et occaecat tempor laborum do. Eu ad mollit. Nisi officia adipisicing duis reprehenderit irure tempor ea ut commodo ad laboris. Exercitation aliquip aliqua.

Mollit aute duis laborum qui enim et elit qui enim nostrud eiusmod id velit. Quis aliquip exercitation aliquip labore sint. Elit eu pariatur proident laboris laboris sit est do minim. Ipsum anim quis reprehenderit aliqua irure. Excepteur velit minim officia consequat duis exercitation irure ut et officia. Nostrud anim aliquip irure voluptate reprehenderit ea amet nisi velit voluptate.

Reprehenderit nulla qui laboris pariatur. Dolor velit excepteur nulla cillum exercitation non labore Lorem pariatur ipsum dolor laboris. Ipsum in pariatur elit. Duis mollit ullamco veniam. Officia dolore non. Anim elit pariatur laboris fugiat velit cupidatat velit voluptate duis aliqua minim.",
        "guestAccess": "Minim enim dolore veniam elit. Exercitation ipsum officia aute ea do do et amet duis occaecat laborum. Sint reprehenderit consectetur ullamco laborum enim voluptate magna.",
        "interactionWithGuests": "Dolor excepteur qui excepteur et aute officia reprehenderit ipsum tempor non incididunt anim eu. Ad minim occaecat ut Lorem fugiat dolore deserunt velit sit occaecat aliqua Lorem dolor. Aute officia ex do ea elit anim nostrud aute culpa qui. Deserunt sit nisi adipisicing et duis ea aliquip cupidatat quis officia aliquip pariatur laborum. Dolor amet eiusmod fugiat esse laborum magna. Pariatur aliqua minim.

Aute aliquip tempor. Eiusmod esse commodo ex id sint dolor aliquip dolore ullamco sit sint sunt aliqua fugiat. Aliqua ut commodo quis aute ea minim id aliqua do et reprehenderit fugiat esse. Nostrud ad deserunt minim. Non proident labore tempor veniam minim. Ullamco mollit ullamco excepteur.",
        "otherThings": "Minim adipisicing nostrud Lorem laboris elit. Mollit elit amet dolor laborum labore. Eiusmod est Lorem cupidatat id veniam officia consectetur amet excepteur tempor exercitation officia. Esse adipisicing duis esse incididunt veniam aliqua sit excepteur consectetur sit qui. Consequat pariatur non nostrud aliqua reprehenderit. Aliquip pariatur fugiat sit.

Anim consequat consectetur esse. Irure elit officia exercitation cupidatat magna pariatur amet consectetur magna nostrud proident occaecat tempor esse. Nulla culpa ea est sunt aliqua pariatur non non amet officia ad pariatur quis.",
        "theSpace": "Eu sunt eu commodo tempor do esse ut consequat labore dolor adipisicing. Anim ipsum veniam laboris tempor sint amet adipisicing fugiat sit deserunt dolor. Voluptate magna ut ea laboris duis aliquip sit laboris laboris consectetur enim.

Nisi officia aliqua occaecat Lorem. Proident id nostrud non sint. Cupidatat esse ex consequat adipisicing culpa.

Pariatur aliqua cupidatat cupidatat ad non. Cillum velit qui velit ad veniam consectetur. Laboris aute Lorem amet et consectetur proident do magna eiusmod tempor commodo consequat. Velit dolor et pariatur do ipsum. Magna magna occaecat veniam id et ullamco dolore dolor ut nulla eiusmod labore dolor magna. Et quis velit et consectetur. Irure aliquip et anim commodo fugiat deserunt aliquip ex exercitation ex reprehenderit dolore sunt pariatur.",
      }
    }
    guests={15}
    highlights={
      Array [
        Object {
          "description": "94% of recent guests gave this home’s value a 5-star rating.",
          "helpful": 0,
          "notHelpful": 0,
          "title": "Great value",
        },
        Object {
          "description": "This is one of few homes in this area that has this feature.",
          "helpful": 0,
          "notHelpful": 0,
          "title": "Hot tub",
        },
        Object {
          "description": "17 recent guests have said that this home was sparkling clean.",
          "helpful": 0,
          "notHelpful": 0,
          "title": "Sparkling clean",
        },
      ]
    }
    homeId={100}
    location="Cordoba, Argentina"
    miniAd={
      Object {
        "description": "It’s been viewed 500+ times in the past week.",
        "title": "This home is on people’s minds.",
      }
    }
    name="Quaint home by the Sea"
    owner={
      Object {
        "badge": false,
        "contact": "tom@gmail.com",
        "image": "https://s3-us-west-1.amazonaws.com/betterbnb-description/person4.jpeg",
        "name": "Michaelangelo",
      }
    }
    propertyType="earth house"
  />
  <Description
    amenities={
      Object {
        "basics": Array [
          "air conditioning",
          "fireplace",
          "desk/workspace",
          "pets allowed",
          "essentials (towels, bedsheets, soap, toilet paper, pillows)",
          "shampoo",
          "iron",
        ],
        "dining": Array [
          "grill",
        ],
        "facilities": Array [
          "gym",
        ],
        "safety": Array [
          "smoke detector",
        ],
      }
    }
    bathrooms={14}
    beds={
      Object {
        "bedrooms": Array [
          Array [
            "twin",
            "queen",
            "king",
          ],
          Array [
            "twin",
            "king",
            "futon",
          ],
        ],
        "commonSpace": Array [
          "couch",
          "queen",
          "futon",
          "floor mattress",
          "twin",
        ],
      }
    }
    description={
      Object {
        "general": "Non irure voluptate eiusmod aliquip irure ea consequat magna eu. Officia nulla ea cupidatat quis velit laboris nisi nostrud aute non sit reprehenderit labore est. Ullamco et occaecat tempor laborum do. Eu ad mollit. Nisi officia adipisicing duis reprehenderit irure tempor ea ut commodo ad laboris. Exercitation aliquip aliqua.

Mollit aute duis laborum qui enim et elit qui enim nostrud eiusmod id velit. Quis aliquip exercitation aliquip labore sint. Elit eu pariatur proident laboris laboris sit est do minim. Ipsum anim quis reprehenderit aliqua irure. Excepteur velit minim officia consequat duis exercitation irure ut et officia. Nostrud anim aliquip irure voluptate reprehenderit ea amet nisi velit voluptate.

Reprehenderit nulla qui laboris pariatur. Dolor velit excepteur nulla cillum exercitation non labore Lorem pariatur ipsum dolor laboris. Ipsum in pariatur elit. Duis mollit ullamco veniam. Officia dolore non. Anim elit pariatur laboris fugiat velit cupidatat velit voluptate duis aliqua minim.",
        "guestAccess": "Minim enim dolore veniam elit. Exercitation ipsum officia aute ea do do et amet duis occaecat laborum. Sint reprehenderit consectetur ullamco laborum enim voluptate magna.",
        "interactionWithGuests": "Dolor excepteur qui excepteur et aute officia reprehenderit ipsum tempor non incididunt anim eu. Ad minim occaecat ut Lorem fugiat dolore deserunt velit sit occaecat aliqua Lorem dolor. Aute officia ex do ea elit anim nostrud aute culpa qui. Deserunt sit nisi adipisicing et duis ea aliquip cupidatat quis officia aliquip pariatur laborum. Dolor amet eiusmod fugiat esse laborum magna. Pariatur aliqua minim.

Aute aliquip tempor. Eiusmod esse commodo ex id sint dolor aliquip dolore ullamco sit sint sunt aliqua fugiat. Aliqua ut commodo quis aute ea minim id aliqua do et reprehenderit fugiat esse. Nostrud ad deserunt minim. Non proident labore tempor veniam minim. Ullamco mollit ullamco excepteur.",
        "otherThings": "Minim adipisicing nostrud Lorem laboris elit. Mollit elit amet dolor laborum labore. Eiusmod est Lorem cupidatat id veniam officia consectetur amet excepteur tempor exercitation officia. Esse adipisicing duis esse incididunt veniam aliqua sit excepteur consectetur sit qui. Consequat pariatur non nostrud aliqua reprehenderit. Aliquip pariatur fugiat sit.

Anim consequat consectetur esse. Irure elit officia exercitation cupidatat magna pariatur amet consectetur magna nostrud proident occaecat tempor esse. Nulla culpa ea est sunt aliqua pariatur non non amet officia ad pariatur quis.",
        "theSpace": "Eu sunt eu commodo tempor do esse ut consequat labore dolor adipisicing. Anim ipsum veniam laboris tempor sint amet adipisicing fugiat sit deserunt dolor. Voluptate magna ut ea laboris duis aliquip sit laboris laboris consectetur enim.

Nisi officia aliqua occaecat Lorem. Proident id nostrud non sint. Cupidatat esse ex consequat adipisicing culpa.

Pariatur aliqua cupidatat cupidatat ad non. Cillum velit qui velit ad veniam consectetur. Laboris aute Lorem amet et consectetur proident do magna eiusmod tempor commodo consequat. Velit dolor et pariatur do ipsum. Magna magna occaecat veniam id et ullamco dolore dolor ut nulla eiusmod labore dolor magna. Et quis velit et consectetur. Irure aliquip et anim commodo fugiat deserunt aliquip ex exercitation ex reprehenderit dolore sunt pariatur.",
      }
    }
    guests={15}
    highlights={
      Array [
        Object {
          "description": "94% of recent guests gave this home’s value a 5-star rating.",
          "helpful": 0,
          "notHelpful": 0,
          "title": "Great value",
        },
        Object {
          "description": "This is one of few homes in this area that has this feature.",
          "helpful": 0,
          "notHelpful": 0,
          "title": "Hot tub",
        },
        Object {
          "description": "17 recent guests have said that this home was sparkling clean.",
          "helpful": 0,
          "notHelpful": 0,
          "title": "Sparkling clean",
        },
      ]
    }
    homeId={100}
    location="Cordoba, Argentina"
    miniAd={
      Object {
        "description": "It’s been viewed 500+ times in the past week.",
        "title": "This home is on people’s minds.",
      }
    }
    name="Quaint home by the Sea"
    owner={
      Object {
        "badge": false,
        "contact": "tom@gmail.com",
        "image": "https://s3-us-west-1.amazonaws.com/betterbnb-description/person4.jpeg",
        "name": "Michaelangelo",
      }
    }
    propertyType="earth house"
  />
  <Contact
    amenities={
      Object {
        "basics": Array [
          "air conditioning",
          "fireplace",
          "desk/workspace",
          "pets allowed",
          "essentials (towels, bedsheets, soap, toilet paper, pillows)",
          "shampoo",
          "iron",
        ],
        "dining": Array [
          "grill",
        ],
        "facilities": Array [
          "gym",
        ],
        "safety": Array [
          "smoke detector",
        ],
      }
    }
    bathrooms={14}
    beds={
      Object {
        "bedrooms": Array [
          Array [
            "twin",
            "queen",
            "king",
          ],
          Array [
            "twin",
            "king",
            "futon",
          ],
        ],
        "commonSpace": Array [
          "couch",
          "queen",
          "futon",
          "floor mattress",
          "twin",
        ],
      }
    }
    contact=""
    description={
      Object {
        "general": "Non irure voluptate eiusmod aliquip irure ea consequat magna eu. Officia nulla ea cupidatat quis velit laboris nisi nostrud aute non sit reprehenderit labore est. Ullamco et occaecat tempor laborum do. Eu ad mollit. Nisi officia adipisicing duis reprehenderit irure tempor ea ut commodo ad laboris. Exercitation aliquip aliqua.

Mollit aute duis laborum qui enim et elit qui enim nostrud eiusmod id velit. Quis aliquip exercitation aliquip labore sint. Elit eu pariatur proident laboris laboris sit est do minim. Ipsum anim quis reprehenderit aliqua irure. Excepteur velit minim officia consequat duis exercitation irure ut et officia. Nostrud anim aliquip irure voluptate reprehenderit ea amet nisi velit voluptate.

Reprehenderit nulla qui laboris pariatur. Dolor velit excepteur nulla cillum exercitation non labore Lorem pariatur ipsum dolor laboris. Ipsum in pariatur elit. Duis mollit ullamco veniam. Officia dolore non. Anim elit pariatur laboris fugiat velit cupidatat velit voluptate duis aliqua minim.",
        "guestAccess": "Minim enim dolore veniam elit. Exercitation ipsum officia aute ea do do et amet duis occaecat laborum. Sint reprehenderit consectetur ullamco laborum enim voluptate magna.",
        "interactionWithGuests": "Dolor excepteur qui excepteur et aute officia reprehenderit ipsum tempor non incididunt anim eu. Ad minim occaecat ut Lorem fugiat dolore deserunt velit sit occaecat aliqua Lorem dolor. Aute officia ex do ea elit anim nostrud aute culpa qui. Deserunt sit nisi adipisicing et duis ea aliquip cupidatat quis officia aliquip pariatur laborum. Dolor amet eiusmod fugiat esse laborum magna. Pariatur aliqua minim.

Aute aliquip tempor. Eiusmod esse commodo ex id sint dolor aliquip dolore ullamco sit sint sunt aliqua fugiat. Aliqua ut commodo quis aute ea minim id aliqua do et reprehenderit fugiat esse. Nostrud ad deserunt minim. Non proident labore tempor veniam minim. Ullamco mollit ullamco excepteur.",
        "otherThings": "Minim adipisicing nostrud Lorem laboris elit. Mollit elit amet dolor laborum labore. Eiusmod est Lorem cupidatat id veniam officia consectetur amet excepteur tempor exercitation officia. Esse adipisicing duis esse incididunt veniam aliqua sit excepteur consectetur sit qui. Consequat pariatur non nostrud aliqua reprehenderit. Aliquip pariatur fugiat sit.

Anim consequat consectetur esse. Irure elit officia exercitation cupidatat magna pariatur amet consectetur magna nostrud proident occaecat tempor esse. Nulla culpa ea est sunt aliqua pariatur non non amet officia ad pariatur quis.",
        "theSpace": "Eu sunt eu commodo tempor do esse ut consequat labore dolor adipisicing. Anim ipsum veniam laboris tempor sint amet adipisicing fugiat sit deserunt dolor. Voluptate magna ut ea laboris duis aliquip sit laboris laboris consectetur enim.

Nisi officia aliqua occaecat Lorem. Proident id nostrud non sint. Cupidatat esse ex consequat adipisicing culpa.

Pariatur aliqua cupidatat cupidatat ad non. Cillum velit qui velit ad veniam consectetur. Laboris aute Lorem amet et consectetur proident do magna eiusmod tempor commodo consequat. Velit dolor et pariatur do ipsum. Magna magna occaecat veniam id et ullamco dolore dolor ut nulla eiusmod labore dolor magna. Et quis velit et consectetur. Irure aliquip et anim commodo fugiat deserunt aliquip ex exercitation ex reprehenderit dolore sunt pariatur.",
      }
    }
    guests={15}
    highlights={
      Array [
        Object {
          "description": "94% of recent guests gave this home’s value a 5-star rating.",
          "helpful": 0,
          "notHelpful": 0,
          "title": "Great value",
        },
        Object {
          "description": "This is one of few homes in this area that has this feature.",
          "helpful": 0,
          "notHelpful": 0,
          "title": "Hot tub",
        },
        Object {
          "description": "17 recent guests have said that this home was sparkling clean.",
          "helpful": 0,
          "notHelpful": 0,
          "title": "Sparkling clean",
        },
      ]
    }
    homeId={100}
    location="Cordoba, Argentina"
    miniAd={
      Object {
        "description": "It’s been viewed 500+ times in the past week.",
        "title": "This home is on people’s minds.",
      }
    }
    name="Quaint home by the Sea"
    owner={
      Object {
        "badge": false,
        "contact": "tom@gmail.com",
        "image": "https://s3-us-west-1.amazonaws.com/betterbnb-description/person4.jpeg",
        "name": "Michaelangelo",
      }
    }
    propertyType="earth house"
  />
  <App__SectionBreakLine />
  <Amenities
    amenities={
      Object {
        "basics": Array [
          "air conditioning",
          "fireplace",
          "desk/workspace",
          "pets allowed",
          "essentials (towels, bedsheets, soap, toilet paper, pillows)",
          "shampoo",
          "iron",
        ],
        "dining": Array [
          "grill",
        ],
        "facilities": Array [
          "gym",
        ],
        "safety": Array [
          "smoke detector",
        ],
      }
    }
    bathrooms={14}
    beds={
      Object {
        "bedrooms": Array [
          Array [
            "twin",
            "queen",
            "king",
          ],
          Array [
            "twin",
            "king",
            "futon",
          ],
        ],
        "commonSpace": Array [
          "couch",
          "queen",
          "futon",
          "floor mattress",
          "twin",
        ],
      }
    }
    description={
      Object {
        "general": "Non irure voluptate eiusmod aliquip irure ea consequat magna eu. Officia nulla ea cupidatat quis velit laboris nisi nostrud aute non sit reprehenderit labore est. Ullamco et occaecat tempor laborum do. Eu ad mollit. Nisi officia adipisicing duis reprehenderit irure tempor ea ut commodo ad laboris. Exercitation aliquip aliqua.

Mollit aute duis laborum qui enim et elit qui enim nostrud eiusmod id velit. Quis aliquip exercitation aliquip labore sint. Elit eu pariatur proident laboris laboris sit est do minim. Ipsum anim quis reprehenderit aliqua irure. Excepteur velit minim officia consequat duis exercitation irure ut et officia. Nostrud anim aliquip irure voluptate reprehenderit ea amet nisi velit voluptate.

Reprehenderit nulla qui laboris pariatur. Dolor velit excepteur nulla cillum exercitation non labore Lorem pariatur ipsum dolor laboris. Ipsum in pariatur elit. Duis mollit ullamco veniam. Officia dolore non. Anim elit pariatur laboris fugiat velit cupidatat velit voluptate duis aliqua minim.",
        "guestAccess": "Minim enim dolore veniam elit. Exercitation ipsum officia aute ea do do et amet duis occaecat laborum. Sint reprehenderit consectetur ullamco laborum enim voluptate magna.",
        "interactionWithGuests": "Dolor excepteur qui excepteur et aute officia reprehenderit ipsum tempor non incididunt anim eu. Ad minim occaecat ut Lorem fugiat dolore deserunt velit sit occaecat aliqua Lorem dolor. Aute officia ex do ea elit anim nostrud aute culpa qui. Deserunt sit nisi adipisicing et duis ea aliquip cupidatat quis officia aliquip pariatur laborum. Dolor amet eiusmod fugiat esse laborum magna. Pariatur aliqua minim.

Aute aliquip tempor. Eiusmod esse commodo ex id sint dolor aliquip dolore ullamco sit sint sunt aliqua fugiat. Aliqua ut commodo quis aute ea minim id aliqua do et reprehenderit fugiat esse. Nostrud ad deserunt minim. Non proident labore tempor veniam minim. Ullamco mollit ullamco excepteur.",
        "otherThings": "Minim adipisicing nostrud Lorem laboris elit. Mollit elit amet dolor laborum labore. Eiusmod est Lorem cupidatat id veniam officia consectetur amet excepteur tempor exercitation officia. Esse adipisicing duis esse incididunt veniam aliqua sit excepteur consectetur sit qui. Consequat pariatur non nostrud aliqua reprehenderit. Aliquip pariatur fugiat sit.

Anim consequat consectetur esse. Irure elit officia exercitation cupidatat magna pariatur amet consectetur magna nostrud proident occaecat tempor esse. Nulla culpa ea est sunt aliqua pariatur non non amet officia ad pariatur quis.",
        "theSpace": "Eu sunt eu commodo tempor do esse ut consequat labore dolor adipisicing. Anim ipsum veniam laboris tempor sint amet adipisicing fugiat sit deserunt dolor. Voluptate magna ut ea laboris duis aliquip sit laboris laboris consectetur enim.

Nisi officia aliqua occaecat Lorem. Proident id nostrud non sint. Cupidatat esse ex consequat adipisicing culpa.

Pariatur aliqua cupidatat cupidatat ad non. Cillum velit qui velit ad veniam consectetur. Laboris aute Lorem amet et consectetur proident do magna eiusmod tempor commodo consequat. Velit dolor et pariatur do ipsum. Magna magna occaecat veniam id et ullamco dolore dolor ut nulla eiusmod labore dolor magna. Et quis velit et consectetur. Irure aliquip et anim commodo fugiat deserunt aliquip ex exercitation ex reprehenderit dolore sunt pariatur.",
      }
    }
    guests={15}
    highlights={
      Array [
        Object {
          "description": "94% of recent guests gave this home’s value a 5-star rating.",
          "helpful": 0,
          "notHelpful": 0,
          "title": "Great value",
        },
        Object {
          "description": "This is one of few homes in this area that has this feature.",
          "helpful": 0,
          "notHelpful": 0,
          "title": "Hot tub",
        },
        Object {
          "description": "17 recent guests have said that this home was sparkling clean.",
          "helpful": 0,
          "notHelpful": 0,
          "title": "Sparkling clean",
        },
      ]
    }
    homeId={100}
    location="Cordoba, Argentina"
    miniAd={
      Object {
        "description": "It’s been viewed 500+ times in the past week.",
        "title": "This home is on people’s minds.",
      }
    }
    name="Quaint home by the Sea"
    owner={
      Object {
        "badge": false,
        "contact": "tom@gmail.com",
        "image": "https://s3-us-west-1.amazonaws.com/betterbnb-description/person4.jpeg",
        "name": "Michaelangelo",
      }
    }
    propertyType="earth house"
  />
  <App__SectionBreakLine />
  <SleepArrangements
    amenities={
      Object {
        "basics": Array [
          "air conditioning",
          "fireplace",
          "desk/workspace",
          "pets allowed",
          "essentials (towels, bedsheets, soap, toilet paper, pillows)",
          "shampoo",
          "iron",
        ],
        "dining": Array [
          "grill",
        ],
        "facilities": Array [
          "gym",
        ],
        "safety": Array [
          "smoke detector",
        ],
      }
    }
    bathrooms={14}
    beds={
      Object {
        "bedrooms": Array [
          Array [
            "twin",
            "queen",
            "king",
          ],
          Array [
            "twin",
            "king",
            "futon",
          ],
        ],
        "commonSpace": Array [
          "couch",
          "queen",
          "futon",
          "floor mattress",
          "twin",
        ],
      }
    }
    description={
      Object {
        "general": "Non irure voluptate eiusmod aliquip irure ea consequat magna eu. Officia nulla ea cupidatat quis velit laboris nisi nostrud aute non sit reprehenderit labore est. Ullamco et occaecat tempor laborum do. Eu ad mollit. Nisi officia adipisicing duis reprehenderit irure tempor ea ut commodo ad laboris. Exercitation aliquip aliqua.

Mollit aute duis laborum qui enim et elit qui enim nostrud eiusmod id velit. Quis aliquip exercitation aliquip labore sint. Elit eu pariatur proident laboris laboris sit est do minim. Ipsum anim quis reprehenderit aliqua irure. Excepteur velit minim officia consequat duis exercitation irure ut et officia. Nostrud anim aliquip irure voluptate reprehenderit ea amet nisi velit voluptate.

Reprehenderit nulla qui laboris pariatur. Dolor velit excepteur nulla cillum exercitation non labore Lorem pariatur ipsum dolor laboris. Ipsum in pariatur elit. Duis mollit ullamco veniam. Officia dolore non. Anim elit pariatur laboris fugiat velit cupidatat velit voluptate duis aliqua minim.",
        "guestAccess": "Minim enim dolore veniam elit. Exercitation ipsum officia aute ea do do et amet duis occaecat laborum. Sint reprehenderit consectetur ullamco laborum enim voluptate magna.",
        "interactionWithGuests": "Dolor excepteur qui excepteur et aute officia reprehenderit ipsum tempor non incididunt anim eu. Ad minim occaecat ut Lorem fugiat dolore deserunt velit sit occaecat aliqua Lorem dolor. Aute officia ex do ea elit anim nostrud aute culpa qui. Deserunt sit nisi adipisicing et duis ea aliquip cupidatat quis officia aliquip pariatur laborum. Dolor amet eiusmod fugiat esse laborum magna. Pariatur aliqua minim.

Aute aliquip tempor. Eiusmod esse commodo ex id sint dolor aliquip dolore ullamco sit sint sunt aliqua fugiat. Aliqua ut commodo quis aute ea minim id aliqua do et reprehenderit fugiat esse. Nostrud ad deserunt minim. Non proident labore tempor veniam minim. Ullamco mollit ullamco excepteur.",
        "otherThings": "Minim adipisicing nostrud Lorem laboris elit. Mollit elit amet dolor laborum labore. Eiusmod est Lorem cupidatat id veniam officia consectetur amet excepteur tempor exercitation officia. Esse adipisicing duis esse incididunt veniam aliqua sit excepteur consectetur sit qui. Consequat pariatur non nostrud aliqua reprehenderit. Aliquip pariatur fugiat sit.

Anim consequat consectetur esse. Irure elit officia exercitation cupidatat magna pariatur amet consectetur magna nostrud proident occaecat tempor esse. Nulla culpa ea est sunt aliqua pariatur non non amet officia ad pariatur quis.",
        "theSpace": "Eu sunt eu commodo tempor do esse ut consequat labore dolor adipisicing. Anim ipsum veniam laboris tempor sint amet adipisicing fugiat sit deserunt dolor. Voluptate magna ut ea laboris duis aliquip sit laboris laboris consectetur enim.

Nisi officia aliqua occaecat Lorem. Proident id nostrud non sint. Cupidatat esse ex consequat adipisicing culpa.

Pariatur aliqua cupidatat cupidatat ad non. Cillum velit qui velit ad veniam consectetur. Laboris aute Lorem amet et consectetur proident do magna eiusmod tempor commodo consequat. Velit dolor et pariatur do ipsum. Magna magna occaecat veniam id et ullamco dolore dolor ut nulla eiusmod labore dolor magna. Et quis velit et consectetur. Irure aliquip et anim commodo fugiat deserunt aliquip ex exercitation ex reprehenderit dolore sunt pariatur.",
      }
    }
    guests={15}
    highlights={
      Array [
        Object {
          "description": "94% of recent guests gave this home’s value a 5-star rating.",
          "helpful": 0,
          "notHelpful": 0,
          "title": "Great value",
        },
        Object {
          "description": "This is one of few homes in this area that has this feature.",
          "helpful": 0,
          "notHelpful": 0,
          "title": "Hot tub",
        },
        Object {
          "description": "17 recent guests have said that this home was sparkling clean.",
          "helpful": 0,
          "notHelpful": 0,
          "title": "Sparkling clean",
        },
      ]
    }
    homeId={100}
    location="Cordoba, Argentina"
    miniAd={
      Object {
        "description": "It’s been viewed 500+ times in the past week.",
        "title": "This home is on people’s minds.",
      }
    }
    name="Quaint home by the Sea"
    owner={
      Object {
        "badge": false,
        "contact": "tom@gmail.com",
        "image": "https://s3-us-west-1.amazonaws.com/betterbnb-description/person4.jpeg",
        "name": "Michaelangelo",
      }
    }
    propertyType="earth house"
  />
  <App__SectionBreakLine />
</App__ModuleContainer>
`;
