// Jest Snapshot v1, https://goo.gl/fbAQLP

exports[`<App /> should render correctly with no props 1`] = `
<ForwardRef
  id="home"
>
  <Header
    amenities={
      Object {
        "basics": Array [
          "TV",
          "fireplace",
          "closet/drawers",
          "air conditioning",
          "essentials (towels, bedsheets, soap, toilet paper, pillows)",
          "pets allowed",
          "shampoo",
          "heating",
          "parking",
          "iron",
        ],
        "dining": Array [
          "pizza oven",
          "grill",
          "coffee/tea",
        ],
        "facilities": Array [
          "washer",
          "gym",
          "pool",
          "jacuzzi",
        ],
        "safety": "carbon monoxide detector",
      }
    }
    bathrooms={16}
    beds={
      Object {
        "bedrooms": Array [
          Array [
            "futon",
            "king",
            "floor mattress",
            "queen",
            "double",
            "twin",
            "couch",
          ],
          Array [
            "queen",
            "floor mattress",
            "king",
            "twin",
            "futon",
          ],
          Array [
            "king",
            "twin",
            "couch",
          ],
          "futon",
          Array [
            "queen",
            "floor mattress",
            "couch",
            "futon",
            "twin",
            "double",
          ],
        ],
        "commonSpace": Array [
          "double",
          "king",
          "floor mattress",
        ],
      }
    }
    description={
      Object {
        "general": "Qui dolore amet reprehenderit commodo eu occaecat fugiat nulla mollit est exercitation magna incididunt. Ullamco cillum quis sit elit velit laborum. Officia ut dolore laboris sit exercitation mollit nulla elit ullamco. Deserunt veniam tempor cupidatat sit elit nulla fugiat. Est nisi adipisicing fugiat velit ad ad eiusmod adipisicing sit nostrud commodo magna duis incididunt. Velit eiusmod dolor anim nulla anim enim laboris. Consequat deserunt culpa voluptate occaecat reprehenderit cillum irure incididunt.

Fugiat irure velit adipisicing elit ea non laborum cupidatat enim minim veniam nisi ad cupidatat. Elit dolor exercitation cupidatat Lorem laboris est ut nisi sunt aliqua fugiat laborum consectetur. Nisi pariatur duis Lorem deserunt reprehenderit nostrud nostrud commodo sit cupidatat. Veniam do ad. Consectetur elit cillum anim ad veniam. Incididunt aliqua magna nulla sit excepteur veniam aute duis.

Ex nisi ipsum occaecat adipisicing Lorem proident sit consequat amet. Commodo fugiat deserunt voluptate dolore reprehenderit in. Ea officia sint laborum reprehenderit consectetur aute dolore do fugiat in. Consectetur duis ea consequat elit eiusmod aliquip fugiat ullamco nulla dolore. Ex dolor ad fugiat enim fugiat.",
        "guestAccess": "Ut reprehenderit nisi minim adipisicing veniam quis velit minim fugiat do. Cupidatat consectetur eiusmod est fugiat laborum. Ut aute anim tempor reprehenderit cillum. Non nulla qui magna excepteur dolor enim culpa eu ex voluptate deserunt quis. Laborum aliqua duis cupidatat minim ullamco ullamco sint nostrud consectetur irure duis laborum ipsum reprehenderit.

Tempor labore ad irure id eu. Amet irure sint esse ut aliqua consectetur. Sint proident incididunt adipisicing ut. Do amet incididunt excepteur excepteur consectetur. Eiusmod in reprehenderit laboris laborum fugiat cillum sit sunt sit. Nisi ea ipsum anim laborum sunt. Irure ea officia aute ullamco.",
        "interactionWithGuests": "Eiusmod aliqua velit fugiat nulla cupidatat non sint ipsum. Non cupidatat excepteur consequat proident ipsum pariatur magna ex ipsum mollit laborum elit ea. Ex irure eu.

Non enim dolor mollit laboris. Ut aliquip non non laboris. Nostrud duis reprehenderit excepteur qui do ut nulla nulla ea. Do qui et deserunt ex minim occaecat ut occaecat veniam anim aute exercitation sit. Qui laboris duis esse nisi nostrud nisi consequat excepteur nostrud veniam. Reprehenderit tempor ad sint labore officia cupidatat.

Esse mollit exercitation. Aliquip reprehenderit tempor non eu. Eiusmod deserunt non ipsum culpa dolor pariatur nulla proident est et ullamco. Minim duis non ad eu ipsum cillum occaecat consectetur sint ex et veniam qui. Ad veniam consequat est est officia cillum. Duis pariatur aliqua laborum id nulla ea.",
        "otherThings": "Reprehenderit eiusmod exercitation consequat tempor laboris non fugiat minim sint proident. Quis ullamco occaecat ipsum velit. Esse anim magna ipsum. Qui sit non Lorem deserunt culpa et nostrud cillum culpa qui mollit.

Cupidatat aliqua in laboris dolore fugiat enim pariatur consectetur. Nostrud velit non sint et officia culpa duis ex. Sunt amet et ea aliqua commodo. Ea velit quis culpa nulla exercitation ad dolor mollit nostrud eiusmod irure. Amet anim consectetur nisi ut laborum magna ipsum reprehenderit esse amet mollit enim Lorem quis.",
        "theSpace": "Occaecat aliqua voluptate ipsum elit. Lorem eiusmod eiusmod veniam ea excepteur magna pariatur laboris laborum enim. Minim reprehenderit minim voluptate non aute.

Laborum aliquip fugiat. Ipsum velit labore nisi culpa ad. Ipsum exercitation sunt commodo cupidatat labore enim eiusmod nisi.

Fugiat aliqua nisi qui. Officia velit aute nulla adipisicing esse reprehenderit amet nulla irure ea nostrud culpa. Magna qui Lorem ex non incididunt veniam in laborum. Aliquip nostrud proident occaecat sint magna. Nisi sit consequat consequat ut est proident officia magna enim elit consectetur ullamco elit.",
      }
    }
    guests={3}
    highlights={
      Array [
        Object {
          "description": "This is one of few homes in this area that has this feature.",
          "helpful": 0,
          "notHelpful": 0,
          "title": "Hot tub",
        },
        Object {
          "description": "17 recent guests have said that this home was sparkling clean.",
          "helpful": 0,
          "notHelpful": 0,
          "title": "Sparkling clean",
        },
      ]
    }
    homeId={100}
    location="Nagpur, India"
    miniAd={
      Object {
        "description": "It’s been viewed 500+ times in the past week.",
        "title": "This home is on people’s minds.",
      }
    }
    name="Designer Loft"
    owner={
      Object {
        "badge": false,
        "contact": "jpjohnson@gmail.com",
        "image": "https://s3-us-west-1.amazonaws.com/betterbnb-description/person5.jpeg",
        "name": "Joe & Pete",
      }
    }
    propertyType="tiny house"
  />
  <PromoBar
    amenities={
      Object {
        "basics": Array [
          "TV",
          "fireplace",
          "closet/drawers",
          "air conditioning",
          "essentials (towels, bedsheets, soap, toilet paper, pillows)",
          "pets allowed",
          "shampoo",
          "heating",
          "parking",
          "iron",
        ],
        "dining": Array [
          "pizza oven",
          "grill",
          "coffee/tea",
        ],
        "facilities": Array [
          "washer",
          "gym",
          "pool",
          "jacuzzi",
        ],
        "safety": "carbon monoxide detector",
      }
    }
    bathrooms={16}
    beds={
      Object {
        "bedrooms": Array [
          Array [
            "futon",
            "king",
            "floor mattress",
            "queen",
            "double",
            "twin",
            "couch",
          ],
          Array [
            "queen",
            "floor mattress",
            "king",
            "twin",
            "futon",
          ],
          Array [
            "king",
            "twin",
            "couch",
          ],
          "futon",
          Array [
            "queen",
            "floor mattress",
            "couch",
            "futon",
            "twin",
            "double",
          ],
        ],
        "commonSpace": Array [
          "double",
          "king",
          "floor mattress",
        ],
      }
    }
    description={
      Object {
        "general": "Qui dolore amet reprehenderit commodo eu occaecat fugiat nulla mollit est exercitation magna incididunt. Ullamco cillum quis sit elit velit laborum. Officia ut dolore laboris sit exercitation mollit nulla elit ullamco. Deserunt veniam tempor cupidatat sit elit nulla fugiat. Est nisi adipisicing fugiat velit ad ad eiusmod adipisicing sit nostrud commodo magna duis incididunt. Velit eiusmod dolor anim nulla anim enim laboris. Consequat deserunt culpa voluptate occaecat reprehenderit cillum irure incididunt.

Fugiat irure velit adipisicing elit ea non laborum cupidatat enim minim veniam nisi ad cupidatat. Elit dolor exercitation cupidatat Lorem laboris est ut nisi sunt aliqua fugiat laborum consectetur. Nisi pariatur duis Lorem deserunt reprehenderit nostrud nostrud commodo sit cupidatat. Veniam do ad. Consectetur elit cillum anim ad veniam. Incididunt aliqua magna nulla sit excepteur veniam aute duis.

Ex nisi ipsum occaecat adipisicing Lorem proident sit consequat amet. Commodo fugiat deserunt voluptate dolore reprehenderit in. Ea officia sint laborum reprehenderit consectetur aute dolore do fugiat in. Consectetur duis ea consequat elit eiusmod aliquip fugiat ullamco nulla dolore. Ex dolor ad fugiat enim fugiat.",
        "guestAccess": "Ut reprehenderit nisi minim adipisicing veniam quis velit minim fugiat do. Cupidatat consectetur eiusmod est fugiat laborum. Ut aute anim tempor reprehenderit cillum. Non nulla qui magna excepteur dolor enim culpa eu ex voluptate deserunt quis. Laborum aliqua duis cupidatat minim ullamco ullamco sint nostrud consectetur irure duis laborum ipsum reprehenderit.

Tempor labore ad irure id eu. Amet irure sint esse ut aliqua consectetur. Sint proident incididunt adipisicing ut. Do amet incididunt excepteur excepteur consectetur. Eiusmod in reprehenderit laboris laborum fugiat cillum sit sunt sit. Nisi ea ipsum anim laborum sunt. Irure ea officia aute ullamco.",
        "interactionWithGuests": "Eiusmod aliqua velit fugiat nulla cupidatat non sint ipsum. Non cupidatat excepteur consequat proident ipsum pariatur magna ex ipsum mollit laborum elit ea. Ex irure eu.

Non enim dolor mollit laboris. Ut aliquip non non laboris. Nostrud duis reprehenderit excepteur qui do ut nulla nulla ea. Do qui et deserunt ex minim occaecat ut occaecat veniam anim aute exercitation sit. Qui laboris duis esse nisi nostrud nisi consequat excepteur nostrud veniam. Reprehenderit tempor ad sint labore officia cupidatat.

Esse mollit exercitation. Aliquip reprehenderit tempor non eu. Eiusmod deserunt non ipsum culpa dolor pariatur nulla proident est et ullamco. Minim duis non ad eu ipsum cillum occaecat consectetur sint ex et veniam qui. Ad veniam consequat est est officia cillum. Duis pariatur aliqua laborum id nulla ea.",
        "otherThings": "Reprehenderit eiusmod exercitation consequat tempor laboris non fugiat minim sint proident. Quis ullamco occaecat ipsum velit. Esse anim magna ipsum. Qui sit non Lorem deserunt culpa et nostrud cillum culpa qui mollit.

Cupidatat aliqua in laboris dolore fugiat enim pariatur consectetur. Nostrud velit non sint et officia culpa duis ex. Sunt amet et ea aliqua commodo. Ea velit quis culpa nulla exercitation ad dolor mollit nostrud eiusmod irure. Amet anim consectetur nisi ut laborum magna ipsum reprehenderit esse amet mollit enim Lorem quis.",
        "theSpace": "Occaecat aliqua voluptate ipsum elit. Lorem eiusmod eiusmod veniam ea excepteur magna pariatur laboris laborum enim. Minim reprehenderit minim voluptate non aute.

Laborum aliquip fugiat. Ipsum velit labore nisi culpa ad. Ipsum exercitation sunt commodo cupidatat labore enim eiusmod nisi.

Fugiat aliqua nisi qui. Officia velit aute nulla adipisicing esse reprehenderit amet nulla irure ea nostrud culpa. Magna qui Lorem ex non incididunt veniam in laborum. Aliquip nostrud proident occaecat sint magna. Nisi sit consequat consequat ut est proident officia magna enim elit consectetur ullamco elit.",
      }
    }
    guests={3}
    highlights={
      Array [
        Object {
          "description": "This is one of few homes in this area that has this feature.",
          "helpful": 0,
          "notHelpful": 0,
          "title": "Hot tub",
        },
        Object {
          "description": "17 recent guests have said that this home was sparkling clean.",
          "helpful": 0,
          "notHelpful": 0,
          "title": "Sparkling clean",
        },
      ]
    }
    homeId={100}
    location="Nagpur, India"
    miniAd={
      Object {
        "description": "It’s been viewed 500+ times in the past week.",
        "title": "This home is on people’s minds.",
      }
    }
    name="Designer Loft"
    owner={
      Object {
        "badge": false,
        "contact": "jpjohnson@gmail.com",
        "image": "https://s3-us-west-1.amazonaws.com/betterbnb-description/person5.jpeg",
        "name": "Joe & Pete",
      }
    }
    propertyType="tiny house"
  />
  <Description
    amenities={
      Object {
        "basics": Array [
          "TV",
          "fireplace",
          "closet/drawers",
          "air conditioning",
          "essentials (towels, bedsheets, soap, toilet paper, pillows)",
          "pets allowed",
          "shampoo",
          "heating",
          "parking",
          "iron",
        ],
        "dining": Array [
          "pizza oven",
          "grill",
          "coffee/tea",
        ],
        "facilities": Array [
          "washer",
          "gym",
          "pool",
          "jacuzzi",
        ],
        "safety": "carbon monoxide detector",
      }
    }
    bathrooms={16}
    beds={
      Object {
        "bedrooms": Array [
          Array [
            "futon",
            "king",
            "floor mattress",
            "queen",
            "double",
            "twin",
            "couch",
          ],
          Array [
            "queen",
            "floor mattress",
            "king",
            "twin",
            "futon",
          ],
          Array [
            "king",
            "twin",
            "couch",
          ],
          "futon",
          Array [
            "queen",
            "floor mattress",
            "couch",
            "futon",
            "twin",
            "double",
          ],
        ],
        "commonSpace": Array [
          "double",
          "king",
          "floor mattress",
        ],
      }
    }
    description={
      Object {
        "general": "Qui dolore amet reprehenderit commodo eu occaecat fugiat nulla mollit est exercitation magna incididunt. Ullamco cillum quis sit elit velit laborum. Officia ut dolore laboris sit exercitation mollit nulla elit ullamco. Deserunt veniam tempor cupidatat sit elit nulla fugiat. Est nisi adipisicing fugiat velit ad ad eiusmod adipisicing sit nostrud commodo magna duis incididunt. Velit eiusmod dolor anim nulla anim enim laboris. Consequat deserunt culpa voluptate occaecat reprehenderit cillum irure incididunt.

Fugiat irure velit adipisicing elit ea non laborum cupidatat enim minim veniam nisi ad cupidatat. Elit dolor exercitation cupidatat Lorem laboris est ut nisi sunt aliqua fugiat laborum consectetur. Nisi pariatur duis Lorem deserunt reprehenderit nostrud nostrud commodo sit cupidatat. Veniam do ad. Consectetur elit cillum anim ad veniam. Incididunt aliqua magna nulla sit excepteur veniam aute duis.

Ex nisi ipsum occaecat adipisicing Lorem proident sit consequat amet. Commodo fugiat deserunt voluptate dolore reprehenderit in. Ea officia sint laborum reprehenderit consectetur aute dolore do fugiat in. Consectetur duis ea consequat elit eiusmod aliquip fugiat ullamco nulla dolore. Ex dolor ad fugiat enim fugiat.",
        "guestAccess": "Ut reprehenderit nisi minim adipisicing veniam quis velit minim fugiat do. Cupidatat consectetur eiusmod est fugiat laborum. Ut aute anim tempor reprehenderit cillum. Non nulla qui magna excepteur dolor enim culpa eu ex voluptate deserunt quis. Laborum aliqua duis cupidatat minim ullamco ullamco sint nostrud consectetur irure duis laborum ipsum reprehenderit.

Tempor labore ad irure id eu. Amet irure sint esse ut aliqua consectetur. Sint proident incididunt adipisicing ut. Do amet incididunt excepteur excepteur consectetur. Eiusmod in reprehenderit laboris laborum fugiat cillum sit sunt sit. Nisi ea ipsum anim laborum sunt. Irure ea officia aute ullamco.",
        "interactionWithGuests": "Eiusmod aliqua velit fugiat nulla cupidatat non sint ipsum. Non cupidatat excepteur consequat proident ipsum pariatur magna ex ipsum mollit laborum elit ea. Ex irure eu.

Non enim dolor mollit laboris. Ut aliquip non non laboris. Nostrud duis reprehenderit excepteur qui do ut nulla nulla ea. Do qui et deserunt ex minim occaecat ut occaecat veniam anim aute exercitation sit. Qui laboris duis esse nisi nostrud nisi consequat excepteur nostrud veniam. Reprehenderit tempor ad sint labore officia cupidatat.

Esse mollit exercitation. Aliquip reprehenderit tempor non eu. Eiusmod deserunt non ipsum culpa dolor pariatur nulla proident est et ullamco. Minim duis non ad eu ipsum cillum occaecat consectetur sint ex et veniam qui. Ad veniam consequat est est officia cillum. Duis pariatur aliqua laborum id nulla ea.",
        "otherThings": "Reprehenderit eiusmod exercitation consequat tempor laboris non fugiat minim sint proident. Quis ullamco occaecat ipsum velit. Esse anim magna ipsum. Qui sit non Lorem deserunt culpa et nostrud cillum culpa qui mollit.

Cupidatat aliqua in laboris dolore fugiat enim pariatur consectetur. Nostrud velit non sint et officia culpa duis ex. Sunt amet et ea aliqua commodo. Ea velit quis culpa nulla exercitation ad dolor mollit nostrud eiusmod irure. Amet anim consectetur nisi ut laborum magna ipsum reprehenderit esse amet mollit enim Lorem quis.",
        "theSpace": "Occaecat aliqua voluptate ipsum elit. Lorem eiusmod eiusmod veniam ea excepteur magna pariatur laboris laborum enim. Minim reprehenderit minim voluptate non aute.

Laborum aliquip fugiat. Ipsum velit labore nisi culpa ad. Ipsum exercitation sunt commodo cupidatat labore enim eiusmod nisi.

Fugiat aliqua nisi qui. Officia velit aute nulla adipisicing esse reprehenderit amet nulla irure ea nostrud culpa. Magna qui Lorem ex non incididunt veniam in laborum. Aliquip nostrud proident occaecat sint magna. Nisi sit consequat consequat ut est proident officia magna enim elit consectetur ullamco elit.",
      }
    }
    guests={3}
    highlights={
      Array [
        Object {
          "description": "This is one of few homes in this area that has this feature.",
          "helpful": 0,
          "notHelpful": 0,
          "title": "Hot tub",
        },
        Object {
          "description": "17 recent guests have said that this home was sparkling clean.",
          "helpful": 0,
          "notHelpful": 0,
          "title": "Sparkling clean",
        },
      ]
    }
    homeId={100}
    location="Nagpur, India"
    miniAd={
      Object {
        "description": "It’s been viewed 500+ times in the past week.",
        "title": "This home is on people’s minds.",
      }
    }
    name="Designer Loft"
    owner={
      Object {
        "badge": false,
        "contact": "jpjohnson@gmail.com",
        "image": "https://s3-us-west-1.amazonaws.com/betterbnb-description/person5.jpeg",
        "name": "Joe & Pete",
      }
    }
    propertyType="tiny house"
  />
  <Contact
    amenities={
      Object {
        "basics": Array [
          "TV",
          "fireplace",
          "closet/drawers",
          "air conditioning",
          "essentials (towels, bedsheets, soap, toilet paper, pillows)",
          "pets allowed",
          "shampoo",
          "heating",
          "parking",
          "iron",
        ],
        "dining": Array [
          "pizza oven",
          "grill",
          "coffee/tea",
        ],
        "facilities": Array [
          "washer",
          "gym",
          "pool",
          "jacuzzi",
        ],
        "safety": "carbon monoxide detector",
      }
    }
    bathrooms={16}
    beds={
      Object {
        "bedrooms": Array [
          Array [
            "futon",
            "king",
            "floor mattress",
            "queen",
            "double",
            "twin",
            "couch",
          ],
          Array [
            "queen",
            "floor mattress",
            "king",
            "twin",
            "futon",
          ],
          Array [
            "king",
            "twin",
            "couch",
          ],
          "futon",
          Array [
            "queen",
            "floor mattress",
            "couch",
            "futon",
            "twin",
            "double",
          ],
        ],
        "commonSpace": Array [
          "double",
          "king",
          "floor mattress",
        ],
      }
    }
    contact=""
    description={
      Object {
        "general": "Qui dolore amet reprehenderit commodo eu occaecat fugiat nulla mollit est exercitation magna incididunt. Ullamco cillum quis sit elit velit laborum. Officia ut dolore laboris sit exercitation mollit nulla elit ullamco. Deserunt veniam tempor cupidatat sit elit nulla fugiat. Est nisi adipisicing fugiat velit ad ad eiusmod adipisicing sit nostrud commodo magna duis incididunt. Velit eiusmod dolor anim nulla anim enim laboris. Consequat deserunt culpa voluptate occaecat reprehenderit cillum irure incididunt.

Fugiat irure velit adipisicing elit ea non laborum cupidatat enim minim veniam nisi ad cupidatat. Elit dolor exercitation cupidatat Lorem laboris est ut nisi sunt aliqua fugiat laborum consectetur. Nisi pariatur duis Lorem deserunt reprehenderit nostrud nostrud commodo sit cupidatat. Veniam do ad. Consectetur elit cillum anim ad veniam. Incididunt aliqua magna nulla sit excepteur veniam aute duis.

Ex nisi ipsum occaecat adipisicing Lorem proident sit consequat amet. Commodo fugiat deserunt voluptate dolore reprehenderit in. Ea officia sint laborum reprehenderit consectetur aute dolore do fugiat in. Consectetur duis ea consequat elit eiusmod aliquip fugiat ullamco nulla dolore. Ex dolor ad fugiat enim fugiat.",
        "guestAccess": "Ut reprehenderit nisi minim adipisicing veniam quis velit minim fugiat do. Cupidatat consectetur eiusmod est fugiat laborum. Ut aute anim tempor reprehenderit cillum. Non nulla qui magna excepteur dolor enim culpa eu ex voluptate deserunt quis. Laborum aliqua duis cupidatat minim ullamco ullamco sint nostrud consectetur irure duis laborum ipsum reprehenderit.

Tempor labore ad irure id eu. Amet irure sint esse ut aliqua consectetur. Sint proident incididunt adipisicing ut. Do amet incididunt excepteur excepteur consectetur. Eiusmod in reprehenderit laboris laborum fugiat cillum sit sunt sit. Nisi ea ipsum anim laborum sunt. Irure ea officia aute ullamco.",
        "interactionWithGuests": "Eiusmod aliqua velit fugiat nulla cupidatat non sint ipsum. Non cupidatat excepteur consequat proident ipsum pariatur magna ex ipsum mollit laborum elit ea. Ex irure eu.

Non enim dolor mollit laboris. Ut aliquip non non laboris. Nostrud duis reprehenderit excepteur qui do ut nulla nulla ea. Do qui et deserunt ex minim occaecat ut occaecat veniam anim aute exercitation sit. Qui laboris duis esse nisi nostrud nisi consequat excepteur nostrud veniam. Reprehenderit tempor ad sint labore officia cupidatat.

Esse mollit exercitation. Aliquip reprehenderit tempor non eu. Eiusmod deserunt non ipsum culpa dolor pariatur nulla proident est et ullamco. Minim duis non ad eu ipsum cillum occaecat consectetur sint ex et veniam qui. Ad veniam consequat est est officia cillum. Duis pariatur aliqua laborum id nulla ea.",
        "otherThings": "Reprehenderit eiusmod exercitation consequat tempor laboris non fugiat minim sint proident. Quis ullamco occaecat ipsum velit. Esse anim magna ipsum. Qui sit non Lorem deserunt culpa et nostrud cillum culpa qui mollit.

Cupidatat aliqua in laboris dolore fugiat enim pariatur consectetur. Nostrud velit non sint et officia culpa duis ex. Sunt amet et ea aliqua commodo. Ea velit quis culpa nulla exercitation ad dolor mollit nostrud eiusmod irure. Amet anim consectetur nisi ut laborum magna ipsum reprehenderit esse amet mollit enim Lorem quis.",
        "theSpace": "Occaecat aliqua voluptate ipsum elit. Lorem eiusmod eiusmod veniam ea excepteur magna pariatur laboris laborum enim. Minim reprehenderit minim voluptate non aute.

Laborum aliquip fugiat. Ipsum velit labore nisi culpa ad. Ipsum exercitation sunt commodo cupidatat labore enim eiusmod nisi.

Fugiat aliqua nisi qui. Officia velit aute nulla adipisicing esse reprehenderit amet nulla irure ea nostrud culpa. Magna qui Lorem ex non incididunt veniam in laborum. Aliquip nostrud proident occaecat sint magna. Nisi sit consequat consequat ut est proident officia magna enim elit consectetur ullamco elit.",
      }
    }
    guests={3}
    highlights={
      Array [
        Object {
          "description": "This is one of few homes in this area that has this feature.",
          "helpful": 0,
          "notHelpful": 0,
          "title": "Hot tub",
        },
        Object {
          "description": "17 recent guests have said that this home was sparkling clean.",
          "helpful": 0,
          "notHelpful": 0,
          "title": "Sparkling clean",
        },
      ]
    }
    homeId={100}
    location="Nagpur, India"
    miniAd={
      Object {
        "description": "It’s been viewed 500+ times in the past week.",
        "title": "This home is on people’s minds.",
      }
    }
    name="Designer Loft"
    owner={
      Object {
        "badge": false,
        "contact": "jpjohnson@gmail.com",
        "image": "https://s3-us-west-1.amazonaws.com/betterbnb-description/person5.jpeg",
        "name": "Joe & Pete",
      }
    }
    propertyType="tiny house"
  />
  <ForwardRef />
  <Amenities
    amenities={
      Object {
        "basics": Array [
          "TV",
          "fireplace",
          "closet/drawers",
          "air conditioning",
          "essentials (towels, bedsheets, soap, toilet paper, pillows)",
          "pets allowed",
          "shampoo",
          "heating",
          "parking",
          "iron",
        ],
        "dining": Array [
          "pizza oven",
          "grill",
          "coffee/tea",
        ],
        "facilities": Array [
          "washer",
          "gym",
          "pool",
          "jacuzzi",
        ],
        "safety": "carbon monoxide detector",
      }
    }
    bathrooms={16}
    beds={
      Object {
        "bedrooms": Array [
          Array [
            "futon",
            "king",
            "floor mattress",
            "queen",
            "double",
            "twin",
            "couch",
          ],
          Array [
            "queen",
            "floor mattress",
            "king",
            "twin",
            "futon",
          ],
          Array [
            "king",
            "twin",
            "couch",
          ],
          "futon",
          Array [
            "queen",
            "floor mattress",
            "couch",
            "futon",
            "twin",
            "double",
          ],
        ],
        "commonSpace": Array [
          "double",
          "king",
          "floor mattress",
        ],
      }
    }
    description={
      Object {
        "general": "Qui dolore amet reprehenderit commodo eu occaecat fugiat nulla mollit est exercitation magna incididunt. Ullamco cillum quis sit elit velit laborum. Officia ut dolore laboris sit exercitation mollit nulla elit ullamco. Deserunt veniam tempor cupidatat sit elit nulla fugiat. Est nisi adipisicing fugiat velit ad ad eiusmod adipisicing sit nostrud commodo magna duis incididunt. Velit eiusmod dolor anim nulla anim enim laboris. Consequat deserunt culpa voluptate occaecat reprehenderit cillum irure incididunt.

Fugiat irure velit adipisicing elit ea non laborum cupidatat enim minim veniam nisi ad cupidatat. Elit dolor exercitation cupidatat Lorem laboris est ut nisi sunt aliqua fugiat laborum consectetur. Nisi pariatur duis Lorem deserunt reprehenderit nostrud nostrud commodo sit cupidatat. Veniam do ad. Consectetur elit cillum anim ad veniam. Incididunt aliqua magna nulla sit excepteur veniam aute duis.

Ex nisi ipsum occaecat adipisicing Lorem proident sit consequat amet. Commodo fugiat deserunt voluptate dolore reprehenderit in. Ea officia sint laborum reprehenderit consectetur aute dolore do fugiat in. Consectetur duis ea consequat elit eiusmod aliquip fugiat ullamco nulla dolore. Ex dolor ad fugiat enim fugiat.",
        "guestAccess": "Ut reprehenderit nisi minim adipisicing veniam quis velit minim fugiat do. Cupidatat consectetur eiusmod est fugiat laborum. Ut aute anim tempor reprehenderit cillum. Non nulla qui magna excepteur dolor enim culpa eu ex voluptate deserunt quis. Laborum aliqua duis cupidatat minim ullamco ullamco sint nostrud consectetur irure duis laborum ipsum reprehenderit.

Tempor labore ad irure id eu. Amet irure sint esse ut aliqua consectetur. Sint proident incididunt adipisicing ut. Do amet incididunt excepteur excepteur consectetur. Eiusmod in reprehenderit laboris laborum fugiat cillum sit sunt sit. Nisi ea ipsum anim laborum sunt. Irure ea officia aute ullamco.",
        "interactionWithGuests": "Eiusmod aliqua velit fugiat nulla cupidatat non sint ipsum. Non cupidatat excepteur consequat proident ipsum pariatur magna ex ipsum mollit laborum elit ea. Ex irure eu.

Non enim dolor mollit laboris. Ut aliquip non non laboris. Nostrud duis reprehenderit excepteur qui do ut nulla nulla ea. Do qui et deserunt ex minim occaecat ut occaecat veniam anim aute exercitation sit. Qui laboris duis esse nisi nostrud nisi consequat excepteur nostrud veniam. Reprehenderit tempor ad sint labore officia cupidatat.

Esse mollit exercitation. Aliquip reprehenderit tempor non eu. Eiusmod deserunt non ipsum culpa dolor pariatur nulla proident est et ullamco. Minim duis non ad eu ipsum cillum occaecat consectetur sint ex et veniam qui. Ad veniam consequat est est officia cillum. Duis pariatur aliqua laborum id nulla ea.",
        "otherThings": "Reprehenderit eiusmod exercitation consequat tempor laboris non fugiat minim sint proident. Quis ullamco occaecat ipsum velit. Esse anim magna ipsum. Qui sit non Lorem deserunt culpa et nostrud cillum culpa qui mollit.

Cupidatat aliqua in laboris dolore fugiat enim pariatur consectetur. Nostrud velit non sint et officia culpa duis ex. Sunt amet et ea aliqua commodo. Ea velit quis culpa nulla exercitation ad dolor mollit nostrud eiusmod irure. Amet anim consectetur nisi ut laborum magna ipsum reprehenderit esse amet mollit enim Lorem quis.",
        "theSpace": "Occaecat aliqua voluptate ipsum elit. Lorem eiusmod eiusmod veniam ea excepteur magna pariatur laboris laborum enim. Minim reprehenderit minim voluptate non aute.

Laborum aliquip fugiat. Ipsum velit labore nisi culpa ad. Ipsum exercitation sunt commodo cupidatat labore enim eiusmod nisi.

Fugiat aliqua nisi qui. Officia velit aute nulla adipisicing esse reprehenderit amet nulla irure ea nostrud culpa. Magna qui Lorem ex non incididunt veniam in laborum. Aliquip nostrud proident occaecat sint magna. Nisi sit consequat consequat ut est proident officia magna enim elit consectetur ullamco elit.",
      }
    }
    guests={3}
    highlights={
      Array [
        Object {
          "description": "This is one of few homes in this area that has this feature.",
          "helpful": 0,
          "notHelpful": 0,
          "title": "Hot tub",
        },
        Object {
          "description": "17 recent guests have said that this home was sparkling clean.",
          "helpful": 0,
          "notHelpful": 0,
          "title": "Sparkling clean",
        },
      ]
    }
    homeId={100}
    location="Nagpur, India"
    miniAd={
      Object {
        "description": "It’s been viewed 500+ times in the past week.",
        "title": "This home is on people’s minds.",
      }
    }
    name="Designer Loft"
    owner={
      Object {
        "badge": false,
        "contact": "jpjohnson@gmail.com",
        "image": "https://s3-us-west-1.amazonaws.com/betterbnb-description/person5.jpeg",
        "name": "Joe & Pete",
      }
    }
    propertyType="tiny house"
  />
  <ForwardRef />
  <SleepArrangements
    amenities={
      Object {
        "basics": Array [
          "TV",
          "fireplace",
          "closet/drawers",
          "air conditioning",
          "essentials (towels, bedsheets, soap, toilet paper, pillows)",
          "pets allowed",
          "shampoo",
          "heating",
          "parking",
          "iron",
        ],
        "dining": Array [
          "pizza oven",
          "grill",
          "coffee/tea",
        ],
        "facilities": Array [
          "washer",
          "gym",
          "pool",
          "jacuzzi",
        ],
        "safety": "carbon monoxide detector",
      }
    }
    bathrooms={16}
    beds={
      Object {
        "bedrooms": Array [
          Array [
            "futon",
            "king",
            "floor mattress",
            "queen",
            "double",
            "twin",
            "couch",
          ],
          Array [
            "queen",
            "floor mattress",
            "king",
            "twin",
            "futon",
          ],
          Array [
            "king",
            "twin",
            "couch",
          ],
          "futon",
          Array [
            "queen",
            "floor mattress",
            "couch",
            "futon",
            "twin",
            "double",
          ],
        ],
        "commonSpace": Array [
          "double",
          "king",
          "floor mattress",
        ],
      }
    }
    description={
      Object {
        "general": "Qui dolore amet reprehenderit commodo eu occaecat fugiat nulla mollit est exercitation magna incididunt. Ullamco cillum quis sit elit velit laborum. Officia ut dolore laboris sit exercitation mollit nulla elit ullamco. Deserunt veniam tempor cupidatat sit elit nulla fugiat. Est nisi adipisicing fugiat velit ad ad eiusmod adipisicing sit nostrud commodo magna duis incididunt. Velit eiusmod dolor anim nulla anim enim laboris. Consequat deserunt culpa voluptate occaecat reprehenderit cillum irure incididunt.

Fugiat irure velit adipisicing elit ea non laborum cupidatat enim minim veniam nisi ad cupidatat. Elit dolor exercitation cupidatat Lorem laboris est ut nisi sunt aliqua fugiat laborum consectetur. Nisi pariatur duis Lorem deserunt reprehenderit nostrud nostrud commodo sit cupidatat. Veniam do ad. Consectetur elit cillum anim ad veniam. Incididunt aliqua magna nulla sit excepteur veniam aute duis.

Ex nisi ipsum occaecat adipisicing Lorem proident sit consequat amet. Commodo fugiat deserunt voluptate dolore reprehenderit in. Ea officia sint laborum reprehenderit consectetur aute dolore do fugiat in. Consectetur duis ea consequat elit eiusmod aliquip fugiat ullamco nulla dolore. Ex dolor ad fugiat enim fugiat.",
        "guestAccess": "Ut reprehenderit nisi minim adipisicing veniam quis velit minim fugiat do. Cupidatat consectetur eiusmod est fugiat laborum. Ut aute anim tempor reprehenderit cillum. Non nulla qui magna excepteur dolor enim culpa eu ex voluptate deserunt quis. Laborum aliqua duis cupidatat minim ullamco ullamco sint nostrud consectetur irure duis laborum ipsum reprehenderit.

Tempor labore ad irure id eu. Amet irure sint esse ut aliqua consectetur. Sint proident incididunt adipisicing ut. Do amet incididunt excepteur excepteur consectetur. Eiusmod in reprehenderit laboris laborum fugiat cillum sit sunt sit. Nisi ea ipsum anim laborum sunt. Irure ea officia aute ullamco.",
        "interactionWithGuests": "Eiusmod aliqua velit fugiat nulla cupidatat non sint ipsum. Non cupidatat excepteur consequat proident ipsum pariatur magna ex ipsum mollit laborum elit ea. Ex irure eu.

Non enim dolor mollit laboris. Ut aliquip non non laboris. Nostrud duis reprehenderit excepteur qui do ut nulla nulla ea. Do qui et deserunt ex minim occaecat ut occaecat veniam anim aute exercitation sit. Qui laboris duis esse nisi nostrud nisi consequat excepteur nostrud veniam. Reprehenderit tempor ad sint labore officia cupidatat.

Esse mollit exercitation. Aliquip reprehenderit tempor non eu. Eiusmod deserunt non ipsum culpa dolor pariatur nulla proident est et ullamco. Minim duis non ad eu ipsum cillum occaecat consectetur sint ex et veniam qui. Ad veniam consequat est est officia cillum. Duis pariatur aliqua laborum id nulla ea.",
        "otherThings": "Reprehenderit eiusmod exercitation consequat tempor laboris non fugiat minim sint proident. Quis ullamco occaecat ipsum velit. Esse anim magna ipsum. Qui sit non Lorem deserunt culpa et nostrud cillum culpa qui mollit.

Cupidatat aliqua in laboris dolore fugiat enim pariatur consectetur. Nostrud velit non sint et officia culpa duis ex. Sunt amet et ea aliqua commodo. Ea velit quis culpa nulla exercitation ad dolor mollit nostrud eiusmod irure. Amet anim consectetur nisi ut laborum magna ipsum reprehenderit esse amet mollit enim Lorem quis.",
        "theSpace": "Occaecat aliqua voluptate ipsum elit. Lorem eiusmod eiusmod veniam ea excepteur magna pariatur laboris laborum enim. Minim reprehenderit minim voluptate non aute.

Laborum aliquip fugiat. Ipsum velit labore nisi culpa ad. Ipsum exercitation sunt commodo cupidatat labore enim eiusmod nisi.

Fugiat aliqua nisi qui. Officia velit aute nulla adipisicing esse reprehenderit amet nulla irure ea nostrud culpa. Magna qui Lorem ex non incididunt veniam in laborum. Aliquip nostrud proident occaecat sint magna. Nisi sit consequat consequat ut est proident officia magna enim elit consectetur ullamco elit.",
      }
    }
    guests={3}
    highlights={
      Array [
        Object {
          "description": "This is one of few homes in this area that has this feature.",
          "helpful": 0,
          "notHelpful": 0,
          "title": "Hot tub",
        },
        Object {
          "description": "17 recent guests have said that this home was sparkling clean.",
          "helpful": 0,
          "notHelpful": 0,
          "title": "Sparkling clean",
        },
      ]
    }
    homeId={100}
    location="Nagpur, India"
    miniAd={
      Object {
        "description": "It’s been viewed 500+ times in the past week.",
        "title": "This home is on people’s minds.",
      }
    }
    name="Designer Loft"
    owner={
      Object {
        "badge": false,
        "contact": "jpjohnson@gmail.com",
        "image": "https://s3-us-west-1.amazonaws.com/betterbnb-description/person5.jpeg",
        "name": "Joe & Pete",
      }
    }
    propertyType="tiny house"
  />
  <ForwardRef />
</ForwardRef>
`;
