// Jest Snapshot v1, https://goo.gl/fbAQLP

exports[`<Header /> should render correctly with props 1`] = `
<ForwardRef>
  <ForwardRef>
    <ForwardRef
      style={
        Object {
          "color": "#734f21",
        }
      }
    >
      earth house
    </ForwardRef>
    <ForwardRef>
      Romantic Cabana
    </ForwardRef>
    <ForwardRef>
      Mandalay, Myanmar
    </ForwardRef>
    <CapacityBar
      bathrooms={15}
      beds={
        Object {
          "bedrooms": Array [
            Array [
              "floor mattress",
              "king",
              "twin",
              "double",
            ],
            "queen",
          ],
          "commonSpace": Array [
            "king",
            "couch",
            "queen",
            "floor mattress",
          ],
        }
      }
      guests={9}
    />
  </ForwardRef>
  <ForwardRef>
    <ForwardRef
      id="ownerPic"
      src="https://s3-us-west-1.amazonaws.com/betterbnb-description/person1.jpeg"
    />
    <ForwardRef>
      Michaelangelo
    </ForwardRef>
  </ForwardRef>
</ForwardRef>
`;
