// Jest Snapshot v1, https://goo.gl/fbAQLP

exports[`<Header /> should render correctly with props 1`] = `
<Header__StyledHeader>
  <div
    style={
      Object {
        "flexBasis": "550px",
      }
    }
  >
    <Header__StyledPropertyType
      style={
        Object {
          "color": "#734f21",
        }
      }
    >
      earth house
    </Header__StyledPropertyType>
    <Header__StyledName>
      Romantic Cabana
    </Header__StyledName>
    <Header__StyledLocation>
      Mandalay, Myanmar
    </Header__StyledLocation>
    <CapacityBar
      bathrooms={15}
      beds={
        Object {
          "bedrooms": Array [
            Array [
              "floor mattress",
              "king",
              "twin",
              "double",
            ],
            "queen",
          ],
          "commonSpace": Array [
            "king",
            "couch",
            "queen",
            "floor mattress",
          ],
        }
      }
      guests={9}
    />
  </div>
  <div
    style={
      Object {
        "flexBasis": "150px",
      }
    }
  >
    <Header__StyledImage
      id="ownerPic"
      src="https://s3-us-west-1.amazonaws.com/betterbnb-description/person1.jpeg"
    />
    <Header__StyledOwnerName>
      Michaelangelo
    </Header__StyledOwnerName>
  </div>
</Header__StyledHeader>
`;
