// Jest Snapshot v1, https://goo.gl/fbAQLP

exports[`<SleepArrangements /> should render correctly with props 1`] = `
<SleepArrangements__StyledSleepArrangements>
  <div>
    Sleeping arrangements
  </div>
  <SleepArrangements__Container>
    <SleepArrangements__ArrowButton
      onClick={[Function]}
    >
      <SleepArrangements__LeftArrow />
    </SleepArrangements__ArrowButton>
    <SleepArrangements__Carousel>
      <Bedroom
        bedroom={
          Array [
            "floor mattress",
            "king",
            "twin",
            "double",
          ]
        }
        index={0}
      />
      <Bedroom
        bedroom="queen"
        index={1}
      />
    </SleepArrangements__Carousel>
    <SleepArrangements__ArrowButton
      onClick={[Function]}
    >
      <SleepArrangements__RightArrow />
    </SleepArrangements__ArrowButton>
  </SleepArrangements__Container>
</SleepArrangements__StyledSleepArrangements>
`;
