// Jest Snapshot v1, https://goo.gl/fbAQLP

exports[`<SleepArrangements /> should render correctly with props 1`] = `
<SleepArrangements__StyledSleepArrangements>
  <div>
    Sleeping arrangements
  </div>
  <SleepArrangements__Container>
    <SleepArrangements__ArrowButton
      onClick={[Function]}
    >
      <SleepArrangements__LeftArrow />
    </SleepArrangements__ArrowButton>
    <SleepArrangements__Window>
      <SleepArrangements__Carousel
        style={
          Object {
            "transform": "translate(0px)",
            "transition": "0.5s ease",
          }
        }
      >
        <Bedroom
          bedroom={
            Array [
              "floor mattress",
              "king",
              "twin",
              "double",
            ]
          }
          index={0}
          key="0"
        />
        <Bedroom
          bedroom="queen"
          index={1}
          key="1"
        />
      </SleepArrangements__Carousel>
    </SleepArrangements__Window>
    <SleepArrangements__ArrowButton
      onClick={[Function]}
    >
      <SleepArrangements__RightArrow />
    </SleepArrangements__ArrowButton>
  </SleepArrangements__Container>
</SleepArrangements__StyledSleepArrangements>
`;
